Archive member included to satisfy reference by file (symbol)

c:/st/stm32cubeide_1.7.0/stm32cubeide/plugins/com.st.stm32cube.ide.mcu.externaltools.gnu-tools-for-stm32.9-2020-q2-update.win32_2.0.0.202105311346/tools/bin/../lib/gcc/arm-none-eabi/9.3.1/../../../../arm-none-eabi/lib/thumb/v7e-m+fp/hard\libc_nano.a(lib_a-errno.o)
                              ./Core/Src/syscalls.o (__errno)
c:/st/stm32cubeide_1.7.0/stm32cubeide/plugins/com.st.stm32cube.ide.mcu.externaltools.gnu-tools-for-stm32.9-2020-q2-update.win32_2.0.0.202105311346/tools/bin/../lib/gcc/arm-none-eabi/9.3.1/../../../../arm-none-eabi/lib/thumb/v7e-m+fp/hard\libc_nano.a(lib_a-exit.o)
                              c:/st/stm32cubeide_1.7.0/stm32cubeide/plugins/com.st.stm32cube.ide.mcu.externaltools.gnu-tools-for-stm32.9-2020-q2-update.win32_2.0.0.202105311346/tools/bin/../lib/gcc/arm-none-eabi/9.3.1/../../../../arm-none-eabi/lib/thumb/v7e-m+fp/hard/crt0.o (exit)
c:/st/stm32cubeide_1.7.0/stm32cubeide/plugins/com.st.stm32cube.ide.mcu.externaltools.gnu-tools-for-stm32.9-2020-q2-update.win32_2.0.0.202105311346/tools/bin/../lib/gcc/arm-none-eabi/9.3.1/../../../../arm-none-eabi/lib/thumb/v7e-m+fp/hard\libc_nano.a(lib_a-impure.o)
                              c:/st/stm32cubeide_1.7.0/stm32cubeide/plugins/com.st.stm32cube.ide.mcu.externaltools.gnu-tools-for-stm32.9-2020-q2-update.win32_2.0.0.202105311346/tools/bin/../lib/gcc/arm-none-eabi/9.3.1/../../../../arm-none-eabi/lib/thumb/v7e-m+fp/hard\libc_nano.a(lib_a-exit.o) (_global_impure_ptr)
c:/st/stm32cubeide_1.7.0/stm32cubeide/plugins/com.st.stm32cube.ide.mcu.externaltools.gnu-tools-for-stm32.9-2020-q2-update.win32_2.0.0.202105311346/tools/bin/../lib/gcc/arm-none-eabi/9.3.1/../../../../arm-none-eabi/lib/thumb/v7e-m+fp/hard\libc_nano.a(lib_a-init.o)
                              c:/st/stm32cubeide_1.7.0/stm32cubeide/plugins/com.st.stm32cube.ide.mcu.externaltools.gnu-tools-for-stm32.9-2020-q2-update.win32_2.0.0.202105311346/tools/bin/../lib/gcc/arm-none-eabi/9.3.1/../../../../arm-none-eabi/lib/thumb/v7e-m+fp/hard/crt0.o (__libc_init_array)
c:/st/stm32cubeide_1.7.0/stm32cubeide/plugins/com.st.stm32cube.ide.mcu.externaltools.gnu-tools-for-stm32.9-2020-q2-update.win32_2.0.0.202105311346/tools/bin/../lib/gcc/arm-none-eabi/9.3.1/../../../../arm-none-eabi/lib/thumb/v7e-m+fp/hard\libc_nano.a(lib_a-memset.o)
                              c:/st/stm32cubeide_1.7.0/stm32cubeide/plugins/com.st.stm32cube.ide.mcu.externaltools.gnu-tools-for-stm32.9-2020-q2-update.win32_2.0.0.202105311346/tools/bin/../lib/gcc/arm-none-eabi/9.3.1/../../../../arm-none-eabi/lib/thumb/v7e-m+fp/hard/crt0.o (memset)
c:/st/stm32cubeide_1.7.0/stm32cubeide/plugins/com.st.stm32cube.ide.mcu.externaltools.gnu-tools-for-stm32.9-2020-q2-update.win32_2.0.0.202105311346/tools/bin/../lib/gcc/arm-none-eabi/9.3.1/thumb/v7e-m+fp/hard\libgcc.a(_aeabi_uldivmod.o)
                              ./Drivers/STM32F4xx_HAL_Driver/Src/stm32f4xx_hal_rcc.o (__aeabi_uldivmod)
c:/st/stm32cubeide_1.7.0/stm32cubeide/plugins/com.st.stm32cube.ide.mcu.externaltools.gnu-tools-for-stm32.9-2020-q2-update.win32_2.0.0.202105311346/tools/bin/../lib/gcc/arm-none-eabi/9.3.1/thumb/v7e-m+fp/hard\libgcc.a(_udivmoddi4.o)
                              c:/st/stm32cubeide_1.7.0/stm32cubeide/plugins/com.st.stm32cube.ide.mcu.externaltools.gnu-tools-for-stm32.9-2020-q2-update.win32_2.0.0.202105311346/tools/bin/../lib/gcc/arm-none-eabi/9.3.1/thumb/v7e-m+fp/hard\libgcc.a(_aeabi_uldivmod.o) (__udivmoddi4)
c:/st/stm32cubeide_1.7.0/stm32cubeide/plugins/com.st.stm32cube.ide.mcu.externaltools.gnu-tools-for-stm32.9-2020-q2-update.win32_2.0.0.202105311346/tools/bin/../lib/gcc/arm-none-eabi/9.3.1/thumb/v7e-m+fp/hard\libgcc.a(_dvmd_tls.o)
                              c:/st/stm32cubeide_1.7.0/stm32cubeide/plugins/com.st.stm32cube.ide.mcu.externaltools.gnu-tools-for-stm32.9-2020-q2-update.win32_2.0.0.202105311346/tools/bin/../lib/gcc/arm-none-eabi/9.3.1/thumb/v7e-m+fp/hard\libgcc.a(_aeabi_uldivmod.o) (__aeabi_ldiv0)

Allocating common symbols
Common symbol       size              file

_xstart             0x1               ./Core/Src/ST7735.o
_colstart           0x1               ./Core/Src/ST7735.o
cursor_y            0x2               ./Core/Src/ST7735.o
uwTick              0x4               ./Drivers/STM32F4xx_HAL_Driver/Src/stm32f4xx_hal.o
pFlash              0x20              ./Drivers/STM32F4xx_HAL_Driver/Src/stm32f4xx_hal_flash.o
_ystart             0x1               ./Core/Src/ST7735.o
_rowstart           0x1               ./Core/Src/ST7735.o
rotation            0x1               ./Core/Src/ST7735.o
htim1               0x48              ./Core/Src/stm32f4xx_hal_timebase_tim.o
_width              0x2               ./Core/Src/ST7735.o
hspi1               0x58              ./Core/Src/main.o
cursor_x            0x2               ./Core/Src/ST7735.o
_height             0x2               ./Core/Src/ST7735.o

Discarded input sections

[...]
Memory Configuration

Name             Origin             Length             Attributes
CCMRAM           0x0000000010000000 0x0000000000010000 xrw
RAM              0x0000000020000000 0x0000000000020000 xrw
FLASH            0x0000000008000000 0x0000000000100000 xr
*default*        0x0000000000000000 0xffffffffffffffff

Linker script and memory map

LOAD c:/st/stm32cubeide_1.7.0/stm32cubeide/plugins/com.st.stm32cube.ide.mcu.externaltools.gnu-tools-for-stm32.9-2020-q2-update.win32_2.0.0.202105311346/tools/bin/../lib/gcc/arm-none-eabi/9.3.1/thumb/v7e-m+fp/hard/crti.o
LOAD c:/st/stm32cubeide_1.7.0/stm32cubeide/plugins/com.st.stm32cube.ide.mcu.externaltools.gnu-tools-for-stm32.9-2020-q2-update.win32_2.0.0.202105311346/tools/bin/../lib/gcc/arm-none-eabi/9.3.1/thumb/v7e-m+fp/hard/crtbegin.o
LOAD c:/st/stm32cubeide_1.7.0/stm32cubeide/plugins/com.st.stm32cube.ide.mcu.externaltools.gnu-tools-for-stm32.9-2020-q2-update.win32_2.0.0.202105311346/tools/bin/../lib/gcc/arm-none-eabi/9.3.1/../../../../arm-none-eabi/lib/thumb/v7e-m+fp/hard/crt0.o
LOAD ./Core/Src/GFX_FUNCTIONS.o
LOAD ./Core/Src/ST7735.o
LOAD ./Core/Src/fonts.o
LOAD ./Core/Src/main.o
LOAD ./Core/Src/stm32f4xx_hal_msp.o
LOAD ./Core/Src/stm32f4xx_hal_timebase_tim.o
LOAD ./Core/Src/stm32f4xx_it.o
LOAD ./Core/Src/syscalls.o
LOAD ./Core/Src/sysmem.o
LOAD ./Core/Src/system_stm32f4xx.o
LOAD ./Core/Startup/startup_stm32f407vgtx.o
LOAD ./Drivers/STM32F4xx_HAL_Driver/Src/stm32f4xx_hal.o
LOAD ./Drivers/STM32F4xx_HAL_Driver/Src/stm32f4xx_hal_cortex.o
LOAD ./Drivers/STM32F4xx_HAL_Driver/Src/stm32f4xx_hal_dma.o
LOAD ./Drivers/STM32F4xx_HAL_Driver/Src/stm32f4xx_hal_dma_ex.o
LOAD ./Drivers/STM32F4xx_HAL_Driver/Src/stm32f4xx_hal_exti.o
LOAD ./Drivers/STM32F4xx_HAL_Driver/Src/stm32f4xx_hal_flash.o
LOAD ./Drivers/STM32F4xx_HAL_Driver/Src/stm32f4xx_hal_flash_ex.o
LOAD ./Drivers/STM32F4xx_HAL_Driver/Src/stm32f4xx_hal_flash_ramfunc.o
LOAD ./Drivers/STM32F4xx_HAL_Driver/Src/stm32f4xx_hal_gpio.o
LOAD ./Drivers/STM32F4xx_HAL_Driver/Src/stm32f4xx_hal_pwr.o
LOAD ./Drivers/STM32F4xx_HAL_Driver/Src/stm32f4xx_hal_pwr_ex.o
LOAD ./Drivers/STM32F4xx_HAL_Driver/Src/stm32f4xx_hal_rcc.o
LOAD ./Drivers/STM32F4xx_HAL_Driver/Src/stm32f4xx_hal_rcc_ex.o
LOAD ./Drivers/STM32F4xx_HAL_Driver/Src/stm32f4xx_hal_spi.o
LOAD ./Drivers/STM32F4xx_HAL_Driver/Src/stm32f4xx_hal_tim.o
LOAD ./Drivers/STM32F4xx_HAL_Driver/Src/stm32f4xx_hal_tim_ex.o
START GROUP
LOAD c:/st/stm32cubeide_1.7.0/stm32cubeide/plugins/com.st.stm32cube.ide.mcu.externaltools.gnu-tools-for-stm32.9-2020-q2-update.win32_2.0.0.202105311346/tools/bin/../lib/gcc/arm-none-eabi/9.3.1/../../../../arm-none-eabi/lib/thumb/v7e-m+fp/hard\libc_nano.a
LOAD c:/st/stm32cubeide_1.7.0/stm32cubeide/plugins/com.st.stm32cube.ide.mcu.externaltools.gnu-tools-for-stm32.9-2020-q2-update.win32_2.0.0.202105311346/tools/bin/../lib/gcc/arm-none-eabi/9.3.1/../../../../arm-none-eabi/lib/thumb/v7e-m+fp/hard\libm.a
END GROUP
START GROUP
LOAD c:/st/stm32cubeide_1.7.0/stm32cubeide/plugins/com.st.stm32cube.ide.mcu.externaltools.gnu-tools-for-stm32.9-2020-q2-update.win32_2.0.0.202105311346/tools/bin/../lib/gcc/arm-none-eabi/9.3.1/thumb/v7e-m+fp/hard\libgcc.a
LOAD c:/st/stm32cubeide_1.7.0/stm32cubeide/plugins/com.st.stm32cube.ide.mcu.externaltools.gnu-tools-for-stm32.9-2020-q2-update.win32_2.0.0.202105311346/tools/bin/../lib/gcc/arm-none-eabi/9.3.1/../../../../arm-none-eabi/lib/thumb/v7e-m+fp/hard\libc_nano.a
END GROUP
START GROUP
LOAD c:/st/stm32cubeide_1.7.0/stm32cubeide/plugins/com.st.stm32cube.ide.mcu.externaltools.gnu-tools-for-stm32.9-2020-q2-update.win32_2.0.0.202105311346/tools/bin/../lib/gcc/arm-none-eabi/9.3.1/thumb/v7e-m+fp/hard\libgcc.a
LOAD c:/st/stm32cubeide_1.7.0/stm32cubeide/plugins/com.st.stm32cube.ide.mcu.externaltools.gnu-tools-for-stm32.9-2020-q2-update.win32_2.0.0.202105311346/tools/bin/../lib/gcc/arm-none-eabi/9.3.1/../../../../arm-none-eabi/lib/thumb/v7e-m+fp/hard\libc_nano.a
LOAD c:/st/stm32cubeide_1.7.0/stm32cubeide/plugins/com.st.stm32cube.ide.mcu.externaltools.gnu-tools-for-stm32.9-2020-q2-update.win32_2.0.0.202105311346/tools/bin/../lib/gcc/arm-none-eabi/9.3.1/../../../../arm-none-eabi/lib/thumb/v7e-m+fp/hard\libnosys.a
END GROUP
START GROUP
LOAD c:/st/stm32cubeide_1.7.0/stm32cubeide/plugins/com.st.stm32cube.ide.mcu.externaltools.gnu-tools-for-stm32.9-2020-q2-update.win32_2.0.0.202105311346/tools/bin/../lib/gcc/arm-none-eabi/9.3.1/thumb/v7e-m+fp/hard\libgcc.a
LOAD c:/st/stm32cubeide_1.7.0/stm32cubeide/plugins/com.st.stm32cube.ide.mcu.externaltools.gnu-tools-for-stm32.9-2020-q2-update.win32_2.0.0.202105311346/tools/bin/../lib/gcc/arm-none-eabi/9.3.1/../../../../arm-none-eabi/lib/thumb/v7e-m+fp/hard\libc_nano.a
LOAD c:/st/stm32cubeide_1.7.0/stm32cubeide/plugins/com.st.stm32cube.ide.mcu.externaltools.gnu-tools-for-stm32.9-2020-q2-update.win32_2.0.0.202105311346/tools/bin/../lib/gcc/arm-none-eabi/9.3.1/../../../../arm-none-eabi/lib/thumb/v7e-m+fp/hard\libnosys.a
END GROUP
LOAD c:/st/stm32cubeide_1.7.0/stm32cubeide/plugins/com.st.stm32cube.ide.mcu.externaltools.gnu-tools-for-stm32.9-2020-q2-update.win32_2.0.0.202105311346/tools/bin/../lib/gcc/arm-none-eabi/9.3.1/thumb/v7e-m+fp/hard/crtend.o
LOAD c:/st/stm32cubeide_1.7.0/stm32cubeide/plugins/com.st.stm32cube.ide.mcu.externaltools.gnu-tools-for-stm32.9-2020-q2-update.win32_2.0.0.202105311346/tools/bin/../lib/gcc/arm-none-eabi/9.3.1/thumb/v7e-m+fp/hard/crtn.o
                0x0000000020020000                _estack = (ORIGIN (RAM) + LENGTH (RAM))
                0x0000000000000200                _Min_Heap_Size = 0x200
                0x0000000000000400                _Min_Stack_Size = 0x400

.isr_vector     0x0000000008000000      0x188
                0x0000000008000000                . = ALIGN (0x4)
 *(.isr_vector)
 .isr_vector    0x0000000008000000      0x188 ./Core/Startup/startup_stm32f407vgtx.o
                0x0000000008000000                g_pfnVectors
                0x0000000008000188                . = ALIGN (0x4)

.text           0x0000000008000188     0x29a0
                0x0000000008000188                . = ALIGN (0x4)
 *(.text)
 .text          0x0000000008000188       0x40 c:/st/stm32cubeide_1.7.0/stm32cubeide/plugins/com.st.stm32cube.ide.mcu.externaltools.gnu-tools-for-stm32.9-2020-q2-update.win32_2.0.0.202105311346/tools/bin/../lib/gcc/arm-none-eabi/9.3.1/thumb/v7e-m+fp/hard/crtbegin.o
 .text          0x00000000080001c8       0x30 c:/st/stm32cubeide_1.7.0/stm32cubeide/plugins/com.st.stm32cube.ide.mcu.externaltools.gnu-tools-for-stm32.9-2020-q2-update.win32_2.0.0.202105311346/tools/bin/../lib/gcc/arm-none-eabi/9.3.1/thumb/v7e-m+fp/hard\libgcc.a(_aeabi_uldivmod.o)
                0x00000000080001c8                __aeabi_uldivmod
 .text          0x00000000080001f8      0x2c4 c:/st/stm32cubeide_1.7.0/stm32cubeide/plugins/com.st.stm32cube.ide.mcu.externaltools.gnu-tools-for-stm32.9-2020-q2-update.win32_2.0.0.202105311346/tools/bin/../lib/gcc/arm-none-eabi/9.3.1/thumb/v7e-m+fp/hard\libgcc.a(_udivmoddi4.o)
                0x00000000080001f8                __udivmoddi4
 .text          0x00000000080004bc        0x4 c:/st/stm32cubeide_1.7.0/stm32cubeide/plugins/com.st.stm32cube.ide.mcu.externaltools.gnu-tools-for-stm32.9-2020-q2-update.win32_2.0.0.202105311346/tools/bin/../lib/gcc/arm-none-eabi/9.3.1/thumb/v7e-m+fp/hard\libgcc.a(_dvmd_tls.o)
                0x00000000080004bc                __aeabi_idiv0
                0x00000000080004bc                __aeabi_ldiv0
 *(.text*)
 .text.fillRect
                0x00000000080004c0       0x38 ./Core/Src/GFX_FUNCTIONS.o
                0x00000000080004c0                fillRect
 .text.fillScreen
                0x00000000080004f8       0x34 ./Core/Src/GFX_FUNCTIONS.o
                0x00000000080004f8                fillScreen
 .text.ST7735_Select
                0x000000000800052c       0x18 ./Core/Src/ST7735.o
                0x000000000800052c                ST7735_Select
 .text.ST7735_Unselect
                0x0000000008000544       0x18 ./Core/Src/ST7735.o
                0x0000000008000544                ST7735_Unselect
 .text.ST7735_Reset
                0x000000000800055c       0x28 ./Core/Src/ST7735.o
                0x000000000800055c                ST7735_Reset
 .text.ST7735_WriteCommand
                0x0000000008000584       0x34 ./Core/Src/ST7735.o
                0x0000000008000584                ST7735_WriteCommand
 .text.ST7735_WriteData
                0x00000000080005b8       0x38 ./Core/Src/ST7735.o
                0x00000000080005b8                ST7735_WriteData
 .text.DisplayInit
                0x00000000080005f0       0x92 ./Core/Src/ST7735.o
                0x00000000080005f0                DisplayInit
 *fill*         0x0000000008000682        0x2 
 .text.ST7735_SetAddressWindow
                0x0000000008000684       0x90 ./Core/Src/ST7735.o
                0x0000000008000684                ST7735_SetAddressWindow
 .text.ST7735_Init
                0x0000000008000714       0x58 ./Core/Src/ST7735.o
                0x0000000008000714                ST7735_Init
 .text.ST7735_SetRotation
                0x000000000800076c      0x108 ./Core/Src/ST7735.o
                0x000000000800076c                ST7735_SetRotation
 .text.ST7735_WriteChar
                0x0000000008000874       0xee ./Core/Src/ST7735.o
                0x0000000008000874                ST7735_WriteChar
 *fill*         0x0000000008000962        0x2 
 .text.ST7735_WriteString
                0x0000000008000964       0xa8 ./Core/Src/ST7735.o
                0x0000000008000964                ST7735_WriteString
 .text.ST7735_FillRectangle
                0x0000000008000a0c      0x114 ./Core/Src/ST7735.o
                0x0000000008000a0c                ST7735_FillRectangle
 .text.main     0x0000000008000b20       0xfc ./Core/Src/main.o
                0x0000000008000b20                main
 .text.SystemClock_Config
                0x0000000008000c1c       0xd4 ./Core/Src/main.o
                0x0000000008000c1c                SystemClock_Config
 .text.MX_SPI1_Init
                0x0000000008000cf0       0x70 ./Core/Src/main.o
 .text.MX_GPIO_Init
                0x0000000008000d60      0x114 ./Core/Src/main.o
 .text.HAL_TIM_PeriodElapsedCallback
                0x0000000008000e74       0x24 ./Core/Src/main.o
                0x0000000008000e74                HAL_TIM_PeriodElapsedCallback
 .text.Error_Handler
                0x0000000008000e98        0xa ./Core/Src/main.o
                0x0000000008000e98                Error_Handler
 *fill*         0x0000000008000ea2        0x2 
 .text.HAL_MspInit
                0x0000000008000ea4       0x50 ./Core/Src/stm32f4xx_hal_msp.o
                0x0000000008000ea4                HAL_MspInit
 .text.HAL_SPI_MspInit
                0x0000000008000ef4       0x90 ./Core/Src/stm32f4xx_hal_msp.o
                0x0000000008000ef4                HAL_SPI_MspInit
 .text.HAL_InitTick
                0x0000000008000f84       0xb4 ./Core/Src/stm32f4xx_hal_timebase_tim.o
                0x0000000008000f84                HAL_InitTick
 .text.NMI_Handler
                0x0000000008001038        0x6 ./Core/Src/stm32f4xx_it.o
                0x0000000008001038                NMI_Handler
 .text.HardFault_Handler
                0x000000000800103e        0x6 ./Core/Src/stm32f4xx_it.o
                0x000000000800103e                HardFault_Handler
 .text.MemManage_Handler
                0x0000000008001044        0x6 ./Core/Src/stm32f4xx_it.o
                0x0000000008001044                MemManage_Handler
 .text.BusFault_Handler
                0x000000000800104a        0x6 ./Core/Src/stm32f4xx_it.o
                0x000000000800104a                BusFault_Handler
 .text.UsageFault_Handler
                0x0000000008001050        0x6 ./Core/Src/stm32f4xx_it.o
                0x0000000008001050                UsageFault_Handler
 .text.SVC_Handler
                0x0000000008001056        0xe ./Core/Src/stm32f4xx_it.o
                0x0000000008001056                SVC_Handler
 .text.DebugMon_Handler
                0x0000000008001064        0xe ./Core/Src/stm32f4xx_it.o
                0x0000000008001064                DebugMon_Handler
 .text.PendSV_Handler
                0x0000000008001072        0xe ./Core/Src/stm32f4xx_it.o
                0x0000000008001072                PendSV_Handler
 .text.SysTick_Handler
                0x0000000008001080        0xe ./Core/Src/stm32f4xx_it.o
                0x0000000008001080                SysTick_Handler
 *fill*         0x000000000800108e        0x2 
 .text.TIM1_UP_TIM10_IRQHandler
                0x0000000008001090       0x14 ./Core/Src/stm32f4xx_it.o
                0x0000000008001090                TIM1_UP_TIM10_IRQHandler
 .text.SystemInit
                0x00000000080010a4       0x24 ./Core/Src/system_stm32f4xx.o
                0x00000000080010a4                SystemInit
 .text.Reset_Handler
                0x00000000080010c8       0x50 ./Core/Startup/startup_stm32f407vgtx.o
                0x00000000080010c8                Reset_Handler
 .text.Default_Handler
                0x0000000008001118        0x2 ./Core/Startup/startup_stm32f407vgtx.o
                0x0000000008001118                RTC_Alarm_IRQHandler
                0x0000000008001118                HASH_RNG_IRQHandler
                0x0000000008001118                EXTI2_IRQHandler
                0x0000000008001118                TIM8_CC_IRQHandler
                0x0000000008001118                TIM1_CC_IRQHandler
                0x0000000008001118                DMA2_Stream5_IRQHandler
                0x0000000008001118                DMA1_Stream5_IRQHandler
                0x0000000008001118                PVD_IRQHandler
                0x0000000008001118                SDIO_IRQHandler
                0x0000000008001118                TAMP_STAMP_IRQHandler
                0x0000000008001118                CAN2_RX1_IRQHandler
                0x0000000008001118                EXTI3_IRQHandler
                0x0000000008001118                TIM8_TRG_COM_TIM14_IRQHandler
                0x0000000008001118                TIM8_UP_TIM13_IRQHandler
                0x0000000008001118                I2C3_ER_IRQHandler
                0x0000000008001118                EXTI0_IRQHandler
                0x0000000008001118                I2C2_EV_IRQHandler
                0x0000000008001118                DMA1_Stream2_IRQHandler
                0x0000000008001118                CAN1_RX0_IRQHandler
                0x0000000008001118                FPU_IRQHandler
                0x0000000008001118                OTG_HS_WKUP_IRQHandler
                0x0000000008001118                CAN2_SCE_IRQHandler
                0x0000000008001118                DMA2_Stream2_IRQHandler
                0x0000000008001118                SPI1_IRQHandler
                0x0000000008001118                TIM6_DAC_IRQHandler
                0x0000000008001118                TIM1_BRK_TIM9_IRQHandler
                0x0000000008001118                DCMI_IRQHandler
                0x0000000008001118                CAN2_RX0_IRQHandler
                0x0000000008001118                DMA2_Stream3_IRQHandler
                0x0000000008001118                USART6_IRQHandler
                0x0000000008001118                USART3_IRQHandler
                0x0000000008001118                CAN1_RX1_IRQHandler
                0x0000000008001118                UART5_IRQHandler
                0x0000000008001118                DMA2_Stream0_IRQHandler
                0x0000000008001118                TIM4_IRQHandler
                0x0000000008001118                I2C1_EV_IRQHandler
                0x0000000008001118                DMA1_Stream6_IRQHandler
                0x0000000008001118                DMA1_Stream1_IRQHandler
                0x0000000008001118                UART4_IRQHandler
                0x0000000008001118                TIM3_IRQHandler
                0x0000000008001118                RCC_IRQHandler
                0x0000000008001118                TIM8_BRK_TIM12_IRQHandler
                0x0000000008001118                Default_Handler
                0x0000000008001118                EXTI15_10_IRQHandler
                0x0000000008001118                ADC_IRQHandler
                0x0000000008001118                DMA1_Stream7_IRQHandler
                0x0000000008001118                TIM7_IRQHandler
                0x0000000008001118                CAN2_TX_IRQHandler
                0x0000000008001118                TIM5_IRQHandler
                0x0000000008001118                DMA2_Stream7_IRQHandler
                0x0000000008001118                I2C3_EV_IRQHandler
                0x0000000008001118                EXTI9_5_IRQHandler
                0x0000000008001118                RTC_WKUP_IRQHandler
                0x0000000008001118                ETH_WKUP_IRQHandler
                0x0000000008001118                SPI2_IRQHandler
                0x0000000008001118                OTG_HS_EP1_IN_IRQHandler
                0x0000000008001118                DMA1_Stream0_IRQHandler
                0x0000000008001118                CAN1_TX_IRQHandler
                0x0000000008001118                EXTI4_IRQHandler
                0x0000000008001118                FSMC_IRQHandler
                0x0000000008001118                ETH_IRQHandler
                0x0000000008001118                OTG_HS_EP1_OUT_IRQHandler
                0x0000000008001118                WWDG_IRQHandler
                0x0000000008001118                TIM2_IRQHandler
                0x0000000008001118                OTG_FS_WKUP_IRQHandler
                0x0000000008001118                TIM1_TRG_COM_TIM11_IRQHandler
                0x0000000008001118                OTG_HS_IRQHandler
                0x0000000008001118                EXTI1_IRQHandler
                0x0000000008001118                USART2_IRQHandler
                0x0000000008001118                I2C2_ER_IRQHandler
                0x0000000008001118                DMA2_Stream1_IRQHandler
                0x0000000008001118                CAN1_SCE_IRQHandler
                0x0000000008001118                FLASH_IRQHandler
                0x0000000008001118                DMA2_Stream4_IRQHandler
                0x0000000008001118                USART1_IRQHandler
                0x0000000008001118                OTG_FS_IRQHandler
                0x0000000008001118                SPI3_IRQHandler
                0x0000000008001118                DMA1_Stream4_IRQHandler
                0x0000000008001118                I2C1_ER_IRQHandler
                0x0000000008001118                DMA2_Stream6_IRQHandler
                0x0000000008001118                DMA1_Stream3_IRQHandler
 *fill*         0x000000000800111a        0x2 
 .text.HAL_Init
                0x000000000800111c       0x44 ./Drivers/STM32F4xx_HAL_Driver/Src/stm32f4xx_hal.o
                0x000000000800111c                HAL_Init
 .text.HAL_IncTick
                0x0000000008001160       0x28 ./Drivers/STM32F4xx_HAL_Driver/Src/stm32f4xx_hal.o
                0x0000000008001160                HAL_IncTick
 .text.HAL_GetTick
                0x0000000008001188       0x18 ./Drivers/STM32F4xx_HAL_Driver/Src/stm32f4xx_hal.o
                0x0000000008001188                HAL_GetTick
 .text.HAL_Delay
                0x00000000080011a0       0x48 ./Drivers/STM32F4xx_HAL_Driver/Src/stm32f4xx_hal.o
                0x00000000080011a0                HAL_Delay
 .text.__NVIC_SetPriorityGrouping
                0x00000000080011e8       0x48 ./Drivers/STM32F4xx_HAL_Driver/Src/stm32f4xx_hal_cortex.o
 .text.__NVIC_GetPriorityGrouping
                0x0000000008001230       0x1c ./Drivers/STM32F4xx_HAL_Driver/Src/stm32f4xx_hal_cortex.o
 .text.__NVIC_EnableIRQ
                0x000000000800124c       0x3c ./Drivers/STM32F4xx_HAL_Driver/Src/stm32f4xx_hal_cortex.o
 .text.__NVIC_SetPriority
                0x0000000008001288       0x54 ./Drivers/STM32F4xx_HAL_Driver/Src/stm32f4xx_hal_cortex.o
 .text.NVIC_EncodePriority
                0x00000000080012dc       0x66 ./Drivers/STM32F4xx_HAL_Driver/Src/stm32f4xx_hal_cortex.o
 .text.HAL_NVIC_SetPriorityGrouping
                0x0000000008001342       0x16 ./Drivers/STM32F4xx_HAL_Driver/Src/stm32f4xx_hal_cortex.o
                0x0000000008001342                HAL_NVIC_SetPriorityGrouping
 .text.HAL_NVIC_SetPriority
                0x0000000008001358       0x38 ./Drivers/STM32F4xx_HAL_Driver/Src/stm32f4xx_hal_cortex.o
                0x0000000008001358                HAL_NVIC_SetPriority
 .text.HAL_NVIC_EnableIRQ
                0x0000000008001390       0x1c ./Drivers/STM32F4xx_HAL_Driver/Src/stm32f4xx_hal_cortex.o
                0x0000000008001390                HAL_NVIC_EnableIRQ
 .text.HAL_GPIO_Init
                0x00000000080013ac      0x338 ./Drivers/STM32F4xx_HAL_Driver/Src/stm32f4xx_hal_gpio.o
                0x00000000080013ac                HAL_GPIO_Init
 .text.HAL_GPIO_WritePin
                0x00000000080016e4       0x32 ./Drivers/STM32F4xx_HAL_Driver/Src/stm32f4xx_hal_gpio.o
                0x00000000080016e4                HAL_GPIO_WritePin
 *fill*         0x0000000008001716        0x2 
 .text.HAL_RCC_OscConfig
                0x0000000008001718      0x4f0 ./Drivers/STM32F4xx_HAL_Driver/Src/stm32f4xx_hal_rcc.o
                0x0000000008001718                HAL_RCC_OscConfig
 .text.HAL_RCC_ClockConfig
                0x0000000008001c08      0x1cc ./Drivers/STM32F4xx_HAL_Driver/Src/stm32f4xx_hal_rcc.o
                0x0000000008001c08                HAL_RCC_ClockConfig
 .text.HAL_RCC_GetSysClockFreq
                0x0000000008001dd4      0x1c4 ./Drivers/STM32F4xx_HAL_Driver/Src/stm32f4xx_hal_rcc.o
                0x0000000008001dd4                HAL_RCC_GetSysClockFreq
 .text.HAL_RCC_GetHCLKFreq
                0x0000000008001f98       0x18 ./Drivers/STM32F4xx_HAL_Driver/Src/stm32f4xx_hal_rcc.o
                0x0000000008001f98                HAL_RCC_GetHCLKFreq
 .text.HAL_RCC_GetPCLK2Freq
                0x0000000008001fb0       0x28 ./Drivers/STM32F4xx_HAL_Driver/Src/stm32f4xx_hal_rcc.o
                0x0000000008001fb0                HAL_RCC_GetPCLK2Freq
 .text.HAL_RCC_GetClockConfig
                0x0000000008001fd8       0x64 ./Drivers/STM32F4xx_HAL_Driver/Src/stm32f4xx_hal_rcc.o
                0x0000000008001fd8                HAL_RCC_GetClockConfig
 .text.HAL_SPI_Init
                0x000000000800203c      0x112 ./Drivers/STM32F4xx_HAL_Driver/Src/stm32f4xx_hal_spi.o
                0x000000000800203c                HAL_SPI_Init
 .text.HAL_SPI_Transmit
                0x000000000800214e      0x278 ./Drivers/STM32F4xx_HAL_Driver/Src/stm32f4xx_hal_spi.o
                0x000000000800214e                HAL_SPI_Transmit
 *fill*         0x00000000080023c6        0x2 
 .text.SPI_WaitFlagStateUntilTimeout
                0x00000000080023c8      0x110 ./Drivers/STM32F4xx_HAL_Driver/Src/stm32f4xx_hal_spi.o
 .text.SPI_EndRxTxTransaction
                0x00000000080024d8       0x84 ./Drivers/STM32F4xx_HAL_Driver/Src/stm32f4xx_hal_spi.o
 .text.HAL_TIM_Base_Init
                0x000000000800255c       0x9e ./Drivers/STM32F4xx_HAL_Driver/Src/stm32f4xx_hal_tim.o
                0x000000000800255c                HAL_TIM_Base_Init
 .text.HAL_TIM_Base_MspInit
                0x00000000080025fa       0x14 ./Drivers/STM32F4xx_HAL_Driver/Src/stm32f4xx_hal_tim.o
                0x00000000080025fa                HAL_TIM_Base_MspInit
 *fill*         0x000000000800260e        0x2 
 .text.HAL_TIM_Base_Start_IT
                0x0000000008002610       0xe0 ./Drivers/STM32F4xx_HAL_Driver/Src/stm32f4xx_hal_tim.o
                0x0000000008002610                HAL_TIM_Base_Start_IT
 .text.HAL_TIM_IRQHandler
                0x00000000080026f0      0x210 ./Drivers/STM32F4xx_HAL_Driver/Src/stm32f4xx_hal_tim.o
                0x00000000080026f0                HAL_TIM_IRQHandler
 .text.HAL_TIM_OC_DelayElapsedCallback
                0x0000000008002900       0x14 ./Drivers/STM32F4xx_HAL_Driver/Src/stm32f4xx_hal_tim.o
                0x0000000008002900                HAL_TIM_OC_DelayElapsedCallback
 .text.HAL_TIM_IC_CaptureCallback
                0x0000000008002914       0x14 ./Drivers/STM32F4xx_HAL_Driver/Src/stm32f4xx_hal_tim.o
                0x0000000008002914                HAL_TIM_IC_CaptureCallback
 .text.HAL_TIM_PWM_PulseFinishedCallback
                0x0000000008002928       0x14 ./Drivers/STM32F4xx_HAL_Driver/Src/stm32f4xx_hal_tim.o
                0x0000000008002928                HAL_TIM_PWM_PulseFinishedCallback
 .text.HAL_TIM_TriggerCallback
                0x000000000800293c       0x14 ./Drivers/STM32F4xx_HAL_Driver/Src/stm32f4xx_hal_tim.o
                0x000000000800293c                HAL_TIM_TriggerCallback
 .text.TIM_Base_SetConfig
                0x0000000008002950      0x140 ./Drivers/STM32F4xx_HAL_Driver/Src/stm32f4xx_hal_tim.o
                0x0000000008002950                TIM_Base_SetConfig
 .text.HAL_TIMEx_CommutCallback
                0x0000000008002a90       0x14 ./Drivers/STM32F4xx_HAL_Driver/Src/stm32f4xx_hal_tim_ex.o
                0x0000000008002a90                HAL_TIMEx_CommutCallback
 .text.HAL_TIMEx_BreakCallback
                0x0000000008002aa4       0x14 ./Drivers/STM32F4xx_HAL_Driver/Src/stm32f4xx_hal_tim_ex.o
                0x0000000008002aa4                HAL_TIMEx_BreakCallback
 .text.__libc_init_array
                0x0000000008002ab8       0x48 c:/st/stm32cubeide_1.7.0/stm32cubeide/plugins/com.st.stm32cube.ide.mcu.externaltools.gnu-tools-for-stm32.9-2020-q2-update.win32_2.0.0.202105311346/tools/bin/../lib/gcc/arm-none-eabi/9.3.1/../../../../arm-none-eabi/lib/thumb/v7e-m+fp/hard\libc_nano.a(lib_a-init.o)
                0x0000000008002ab8                __libc_init_array
 .text.memset   0x0000000008002b00       0x10 c:/st/stm32cubeide_1.7.0/stm32cubeide/plugins/com.st.stm32cube.ide.mcu.externaltools.gnu-tools-for-stm32.9-2020-q2-update.win32_2.0.0.202105311346/tools/bin/../lib/gcc/arm-none-eabi/9.3.1/../../../../arm-none-eabi/lib/thumb/v7e-m+fp/hard\libc_nano.a(lib_a-memset.o)
                0x0000000008002b00                memset
 *(.glue_7)
 .glue_7        0x0000000008002b10        0x0 linker stubs
 *(.glue_7t)
 .glue_7t       0x0000000008002b10        0x0 linker stubs
 *(.eh_frame)
 .eh_frame      0x0000000008002b10        0x0 c:/st/stm32cubeide_1.7.0/stm32cubeide/plugins/com.st.stm32cube.ide.mcu.externaltools.gnu-tools-for-stm32.9-2020-q2-update.win32_2.0.0.202105311346/tools/bin/../lib/gcc/arm-none-eabi/9.3.1/thumb/v7e-m+fp/hard/crtbegin.o
 *(.init)
 .init          0x0000000008002b10        0x4 c:/st/stm32cubeide_1.7.0/stm32cubeide/plugins/com.st.stm32cube.ide.mcu.externaltools.gnu-tools-for-stm32.9-2020-q2-update.win32_2.0.0.202105311346/tools/bin/../lib/gcc/arm-none-eabi/9.3.1/thumb/v7e-m+fp/hard/crti.o
                0x0000000008002b10                _init
 .init          0x0000000008002b14        0x8 c:/st/stm32cubeide_1.7.0/stm32cubeide/plugins/com.st.stm32cube.ide.mcu.externaltools.gnu-tools-for-stm32.9-2020-q2-update.win32_2.0.0.202105311346/tools/bin/../lib/gcc/arm-none-eabi/9.3.1/thumb/v7e-m+fp/hard/crtn.o
 *(.fini)
 .fini          0x0000000008002b1c        0x4 c:/st/stm32cubeide_1.7.0/stm32cubeide/plugins/com.st.stm32cube.ide.mcu.externaltools.gnu-tools-for-stm32.9-2020-q2-update.win32_2.0.0.202105311346/tools/bin/../lib/gcc/arm-none-eabi/9.3.1/thumb/v7e-m+fp/hard/crti.o
                0x0000000008002b1c                _fini
 .fini          0x0000000008002b20        0x8 c:/st/stm32cubeide_1.7.0/stm32cubeide/plugins/com.st.stm32cube.ide.mcu.externaltools.gnu-tools-for-stm32.9-2020-q2-update.win32_2.0.0.202105311346/tools/bin/../lib/gcc/arm-none-eabi/9.3.1/thumb/v7e-m+fp/hard/crtn.o
                0x0000000008002b28                . = ALIGN (0x4)
                0x0000000008002b28                _etext = .

.vfp11_veneer   0x0000000008002b28        0x0
 .vfp11_veneer  0x0000000008002b28        0x0 linker stubs

.v4_bx          0x0000000008002b28        0x0
 .v4_bx         0x0000000008002b28        0x0 linker stubs

.iplt           0x0000000008002b28        0x0
 .iplt          0x0000000008002b28        0x0 c:/st/stm32cubeide_1.7.0/stm32cubeide/plugins/com.st.stm32cube.ide.mcu.externaltools.gnu-tools-for-stm32.9-2020-q2-update.win32_2.0.0.202105311346/tools/bin/../lib/gcc/arm-none-eabi/9.3.1/thumb/v7e-m+fp/hard/crtbegin.o

.rodata         0x0000000008002b28     0x215c
                0x0000000008002b28                . = ALIGN (0x4)
 *(.rodata)
 .rodata        0x0000000008002b28       0x28 ./Core/Src/main.o
 *(.rodata*)
 .rodata.init_cmds1
                0x0000000008002b50       0x38 ./Core/Src/ST7735.o
                0x0000000008002b50                init_cmds1
 .rodata.init_cmds2
                0x0000000008002b88        0xd ./Core/Src/ST7735.o
                0x0000000008002b88                init_cmds2
 *fill*         0x0000000008002b95        0x3 
 .rodata.init_cmds3
                0x0000000008002b98       0x2b ./Core/Src/ST7735.o
                0x0000000008002b98                init_cmds3
 *fill*         0x0000000008002bc3        0x1 
 .rodata.Font11x18
                0x0000000008002bc4      0xd5c ./Core/Src/fonts.o
 .rodata.Font16x26
                0x0000000008003920     0x134c ./Core/Src/fonts.o
 .rodata.AHBPrescTable
                0x0000000008004c6c       0x10 ./Core/Src/system_stm32f4xx.o
                0x0000000008004c6c                AHBPrescTable
 .rodata.APBPrescTable
                0x0000000008004c7c        0x8 ./Core/Src/system_stm32f4xx.o
                0x0000000008004c7c                APBPrescTable
                0x0000000008004c84                . = ALIGN (0x4)

.ARM.extab      0x0000000008004c84        0x0
                0x0000000008004c84                . = ALIGN (0x4)
 *(.ARM.extab* .gnu.linkonce.armextab.*)
                0x0000000008004c84                . = ALIGN (0x4)

.ARM            0x0000000008004c84        0x8
                0x0000000008004c84                . = ALIGN (0x4)
                0x0000000008004c84                __exidx_start = .
 *(.ARM.exidx*)
 .ARM.exidx     0x0000000008004c84        0x8 c:/st/stm32cubeide_1.7.0/stm32cubeide/plugins/com.st.stm32cube.ide.mcu.externaltools.gnu-tools-for-stm32.9-2020-q2-update.win32_2.0.0.202105311346/tools/bin/../lib/gcc/arm-none-eabi/9.3.1/thumb/v7e-m+fp/hard\libgcc.a(_udivmoddi4.o)
                0x0000000008004c8c                __exidx_end = .
                0x0000000008004c8c                . = ALIGN (0x4)

.rel.dyn        0x0000000008004c8c        0x0
 .rel.iplt      0x0000000008004c8c        0x0 c:/st/stm32cubeide_1.7.0/stm32cubeide/plugins/com.st.stm32cube.ide.mcu.externaltools.gnu-tools-for-stm32.9-2020-q2-update.win32_2.0.0.202105311346/tools/bin/../lib/gcc/arm-none-eabi/9.3.1/thumb/v7e-m+fp/hard/crtbegin.o

.preinit_array  0x0000000008004c8c        0x0
                0x0000000008004c8c                . = ALIGN (0x4)
                0x0000000008004c8c                PROVIDE (__preinit_array_start = .)
 *(.preinit_array*)
                0x0000000008004c8c                PROVIDE (__preinit_array_end = .)
                0x0000000008004c8c                . = ALIGN (0x4)

.init_array     0x0000000008004c8c        0x4
                0x0000000008004c8c                . = ALIGN (0x4)
                0x0000000008004c8c                PROVIDE (__init_array_start = .)
 *(SORT_BY_NAME(.init_array.*))
 *(.init_array*)
 .init_array    0x0000000008004c8c        0x4 c:/st/stm32cubeide_1.7.0/stm32cubeide/plugins/com.st.stm32cube.ide.mcu.externaltools.gnu-tools-for-stm32.9-2020-q2-update.win32_2.0.0.202105311346/tools/bin/../lib/gcc/arm-none-eabi/9.3.1/thumb/v7e-m+fp/hard/crtbegin.o
                0x0000000008004c90                PROVIDE (__init_array_end = .)
                0x0000000008004c90                . = ALIGN (0x4)

.fini_array     0x0000000008004c90        0x4
                0x0000000008004c90                . = ALIGN (0x4)
                [!provide]                        PROVIDE (__fini_array_start = .)
 *(SORT_BY_NAME(.fini_array.*))
 *(.fini_array*)
 .fini_array    0x0000000008004c90        0x4 c:/st/stm32cubeide_1.7.0/stm32cubeide/plugins/com.st.stm32cube.ide.mcu.externaltools.gnu-tools-for-stm32.9-2020-q2-update.win32_2.0.0.202105311346/tools/bin/../lib/gcc/arm-none-eabi/9.3.1/thumb/v7e-m+fp/hard/crtbegin.o
                [!provide]                        PROVIDE (__fini_array_end = .)
                0x0000000008004c94                . = ALIGN (0x4)
                0x0000000008004c94                _sidata = LOADADDR (.data)

.data           0x0000000020000000       0x1c load address 0x0000000008004c94
                0x0000000020000000                . = ALIGN (0x4)
                0x0000000020000000                _sdata = .
 *(.data)
 *(.data*)
 .data.Font_11x18
                0x0000000020000000        0x8 ./Core/Src/fonts.o
                0x0000000020000000                Font_11x18
 .data.Font_16x26
                0x0000000020000008        0x8 ./Core/Src/fonts.o
                0x0000000020000008                Font_16x26
 .data.SystemCoreClock
                0x0000000020000010        0x4 ./Core/Src/system_stm32f4xx.o
                0x0000000020000010                SystemCoreClock
 .data.uwTickPrio
                0x0000000020000014        0x4 ./Drivers/STM32F4xx_HAL_Driver/Src/stm32f4xx_hal.o
                0x0000000020000014                uwTickPrio
 .data.uwTickFreq
                0x0000000020000018        0x1 ./Drivers/STM32F4xx_HAL_Driver/Src/stm32f4xx_hal.o
                0x0000000020000018                uwTickFreq
 *(.RamFunc)
 *(.RamFunc*)
                0x000000002000001c                . = ALIGN (0x4)
 *fill*         0x0000000020000019        0x3 
                0x000000002000001c                _edata = .
                0x0000000008004cb0                _siccmram = LOADADDR (.ccmram)

.igot.plt       0x000000002000001c        0x0 load address 0x0000000008004cb0
 .igot.plt      0x000000002000001c        0x0 c:/st/stm32cubeide_1.7.0/stm32cubeide/plugins/com.st.stm32cube.ide.mcu.externaltools.gnu-tools-for-stm32.9-2020-q2-update.win32_2.0.0.202105311346/tools/bin/../lib/gcc/arm-none-eabi/9.3.1/thumb/v7e-m+fp/hard/crtbegin.o

.ccmram         0x0000000010000000        0x0 load address 0x0000000008004cb0
                0x0000000010000000                . = ALIGN (0x4)
                0x0000000010000000                _sccmram = .
 *(.ccmram)
 *(.ccmram*)
                0x0000000010000000                . = ALIGN (0x4)
                0x0000000010000000                _eccmram = .
                0x0000000010000000                . = ALIGN (0x4)

.bss            0x000000002000001c       0xd0
                0x000000002000001c                _sbss = .
                0x000000002000001c                __bss_start__ = _sbss
 *(.bss)
 .bss           0x000000002000001c       0x1c c:/st/stm32cubeide_1.7.0/stm32cubeide/plugins/com.st.stm32cube.ide.mcu.externaltools.gnu-tools-for-stm32.9-2020-q2-update.win32_2.0.0.202105311346/tools/bin/../lib/gcc/arm-none-eabi/9.3.1/thumb/v7e-m+fp/hard/crtbegin.o
 *(.bss*)
 *(COMMON)
 COMMON         0x0000000020000038        0xe ./Core/Src/ST7735.o
                0x0000000020000038                _xstart
                0x0000000020000039                _colstart
                0x000000002000003a                cursor_y
                0x000000002000003c                _ystart
                0x000000002000003d                _rowstart
                0x000000002000003e                rotation
                0x0000000020000040                _width
                0x0000000020000042                cursor_x
                0x0000000020000044                _height
 *fill*         0x0000000020000046        0x2 
 COMMON         0x0000000020000048       0x58 ./Core/Src/main.o
                0x0000000020000048                hspi1
 COMMON         0x00000000200000a0       0x48 ./Core/Src/stm32f4xx_hal_timebase_tim.o
                0x00000000200000a0                htim1
 COMMON         0x00000000200000e8        0x4 ./Drivers/STM32F4xx_HAL_Driver/Src/stm32f4xx_hal.o
                0x00000000200000e8                uwTick
                0x00000000200000ec                . = ALIGN (0x4)
                0x00000000200000ec                _ebss = .
                0x00000000200000ec                __bss_end__ = _ebss

._user_heap_stack
                0x00000000200000ec      0x604
                0x00000000200000f0                . = ALIGN (0x8)
 *fill*         0x00000000200000ec        0x4 
                [!provide]                        PROVIDE (end = .)
                0x00000000200000f0                PROVIDE (_end = .)
                0x00000000200002f0                . = (. + _Min_Heap_Size)
 *fill*         0x00000000200000f0      0x200 
                0x00000000200006f0                . = (. + _Min_Stack_Size)
 *fill*         0x00000000200002f0      0x400 
                0x00000000200006f0                . = ALIGN (0x8)

/DISCARD/
 libc.a(*)
 libm.a(*)
 libgcc.a(*)

.ARM.attributes
                0x0000000000000000       0x30
 *(.ARM.attributes)
 .ARM.attributes
                0x0000000000000000       0x1e c:/st/stm32cubeide_1.7.0/stm32cubeide/plugins/com.st.stm32cube.ide.mcu.externaltools.gnu-tools-for-stm32.9-2020-q2-update.win32_2.0.0.202105311346/tools/bin/../lib/gcc/arm-none-eabi/9.3.1/thumb/v7e-m+fp/hard/crti.o
 .ARM.attributes
                0x000000000000001e       0x34 c:/st/stm32cubeide_1.7.0/stm32cubeide/plugins/com.st.stm32cube.ide.mcu.externaltools.gnu-tools-for-stm32.9-2020-q2-update.win32_2.0.0.202105311346/tools/bin/../lib/gcc/arm-none-eabi/9.3.1/thumb/v7e-m+fp/hard/crtbegin.o
 .ARM.attributes
                0x0000000000000052       0x34 ./Core/Src/GFX_FUNCTIONS.o
 .ARM.attributes
                0x0000000000000086       0x34 ./Core/Src/ST7735.o
 .ARM.attributes
                0x00000000000000ba       0x39 ./Core/Src/fonts.o
 .ARM.attributes
                0x00000000000000f3       0x34 ./Core/Src/main.o
 .ARM.attributes
                0x0000000000000127       0x34 ./Core/Src/stm32f4xx_hal_msp.o
 .ARM.attributes
                0x000000000000015b       0x34 ./Core/Src/stm32f4xx_hal_timebase_tim.o
 .ARM.attributes
                0x000000000000018f       0x34 ./Core/Src/stm32f4xx_it.o
 .ARM.attributes
                0x00000000000001c3       0x34 ./Core/Src/system_stm32f4xx.o
 .ARM.attributes
                0x00000000000001f7       0x21 ./Core/Startup/startup_stm32f407vgtx.o
 .ARM.attributes
                0x0000000000000218       0x34 ./Drivers/STM32F4xx_HAL_Driver/Src/stm32f4xx_hal.o
 .ARM.attributes
                0x000000000000024c       0x34 ./Drivers/STM32F4xx_HAL_Driver/Src/stm32f4xx_hal_cortex.o
 .ARM.attributes
                0x0000000000000280       0x34 ./Drivers/STM32F4xx_HAL_Driver/Src/stm32f4xx_hal_gpio.o
 .ARM.attributes
                0x00000000000002b4       0x34 ./Drivers/STM32F4xx_HAL_Driver/Src/stm32f4xx_hal_rcc.o
 .ARM.attributes
                0x00000000000002e8       0x34 ./Drivers/STM32F4xx_HAL_Driver/Src/stm32f4xx_hal_spi.o
 .ARM.attributes
                0x000000000000031c       0x34 ./Drivers/STM32F4xx_HAL_Driver/Src/stm32f4xx_hal_tim.o
 .ARM.attributes
                0x0000000000000350       0x34 ./Drivers/STM32F4xx_HAL_Driver/Src/stm32f4xx_hal_tim_ex.o
 .ARM.attributes
                0x0000000000000384       0x34 c:/st/stm32cubeide_1.7.0/stm32cubeide/plugins/com.st.stm32cube.ide.mcu.externaltools.gnu-tools-for-stm32.9-2020-q2-update.win32_2.0.0.202105311346/tools/bin/../lib/gcc/arm-none-eabi/9.3.1/../../../../arm-none-eabi/lib/thumb/v7e-m+fp/hard\libc_nano.a(lib_a-init.o)
 .ARM.attributes
                0x00000000000003b8       0x34 c:/st/stm32cubeide_1.7.0/stm32cubeide/plugins/com.st.stm32cube.ide.mcu.externaltools.gnu-tools-for-stm32.9-2020-q2-update.win32_2.0.0.202105311346/tools/bin/../lib/gcc/arm-none-eabi/9.3.1/../../../../arm-none-eabi/lib/thumb/v7e-m+fp/hard\libc_nano.a(lib_a-memset.o)
 .ARM.attributes
                0x00000000000003ec       0x1e c:/st/stm32cubeide_1.7.0/stm32cubeide/plugins/com.st.stm32cube.ide.mcu.externaltools.gnu-tools-for-stm32.9-2020-q2-update.win32_2.0.0.202105311346/tools/bin/../lib/gcc/arm-none-eabi/9.3.1/thumb/v7e-m+fp/hard\libgcc.a(_aeabi_uldivmod.o)
 .ARM.attributes
                0x000000000000040a       0x34 c:/st/stm32cubeide_1.7.0/stm32cubeide/plugins/com.st.stm32cube.ide.mcu.externaltools.gnu-tools-for-stm32.9-2020-q2-update.win32_2.0.0.202105311346/tools/bin/../lib/gcc/arm-none-eabi/9.3.1/thumb/v7e-m+fp/hard\libgcc.a(_udivmoddi4.o)
 .ARM.attributes
                0x000000000000043e       0x1e c:/st/stm32cubeide_1.7.0/stm32cubeide/plugins/com.st.stm32cube.ide.mcu.externaltools.gnu-tools-for-stm32.9-2020-q2-update.win32_2.0.0.202105311346/tools/bin/../lib/gcc/arm-none-eabi/9.3.1/thumb/v7e-m+fp/hard\libgcc.a(_dvmd_tls.o)
 .ARM.attributes
                0x000000000000045c       0x1e c:/st/stm32cubeide_1.7.0/stm32cubeide/plugins/com.st.stm32cube.ide.mcu.externaltools.gnu-tools-for-stm32.9-2020-q2-update.win32_2.0.0.202105311346/tools/bin/../lib/gcc/arm-none-eabi/9.3.1/thumb/v7e-m+fp/hard/crtn.o
OUTPUT(LCD_TFT.elf elf32-littlearm)
LOAD linker stubs
LOAD c:/st/stm32cubeide_1.7.0/stm32cubeide/plugins/com.st.stm32cube.ide.mcu.externaltools.gnu-tools-for-stm32.9-2020-q2-update.win32_2.0.0.202105311346/tools/bin/../lib/gcc/arm-none-eabi/9.3.1/../../../../arm-none-eabi/lib/thumb/v7e-m+fp/hard\libc.a
LOAD c:/st/stm32cubeide_1.7.0/stm32cubeide/plugins/com.st.stm32cube.ide.mcu.externaltools.gnu-tools-for-stm32.9-2020-q2-update.win32_2.0.0.202105311346/tools/bin/../lib/gcc/arm-none-eabi/9.3.1/../../../../arm-none-eabi/lib/thumb/v7e-m+fp/hard\libm.a
LOAD c:/st/stm32cubeide_1.7.0/stm32cubeide/plugins/com.st.stm32cube.ide.mcu.externaltools.gnu-tools-for-stm32.9-2020-q2-update.win32_2.0.0.202105311346/tools/bin/../lib/gcc/arm-none-eabi/9.3.1/thumb/v7e-m+fp/hard\libgcc.a

.debug_info     0x0000000000000000     0xe660
 .debug_info    0x0000000000000000     0x1e48 ./Core/Src/GFX_FUNCTIONS.o
 .debug_info    0x0000000000001e48      0xd9f ./Core/Src/ST7735.o
 .debug_info    0x0000000000002be7      0x1ae ./Core/Src/fonts.o
 .debug_info    0x0000000000002d95     0x1067 ./Core/Src/main.o
 .debug_info    0x0000000000003dfc      0xa50 ./Core/Src/stm32f4xx_hal_msp.o
 .debug_info    0x000000000000484c      0xc6c ./Core/Src/stm32f4xx_hal_timebase_tim.o
 .debug_info    0x00000000000054b8      0x801 ./Core/Src/stm32f4xx_it.o
 .debug_info    0x0000000000005cb9      0x5a4 ./Core/Src/system_stm32f4xx.o
 .debug_info    0x000000000000625d       0x22 ./Core/Startup/startup_stm32f407vgtx.o
 .debug_info    0x000000000000627f      0x9b2 ./Drivers/STM32F4xx_HAL_Driver/Src/stm32f4xx_hal.o
 .debug_info    0x0000000000006c31      0xed7 ./Drivers/STM32F4xx_HAL_Driver/Src/stm32f4xx_hal_cortex.o
 .debug_info    0x0000000000007b08      0x83e ./Drivers/STM32F4xx_HAL_Driver/Src/stm32f4xx_hal_gpio.o
 .debug_info    0x0000000000008346      0x996 ./Drivers/STM32F4xx_HAL_Driver/Src/stm32f4xx_hal_rcc.o
 .debug_info    0x0000000000008cdc     0x17c0 ./Drivers/STM32F4xx_HAL_Driver/Src/stm32f4xx_hal_spi.o
 .debug_info    0x000000000000a49c     0x2c22 ./Drivers/STM32F4xx_HAL_Driver/Src/stm32f4xx_hal_tim.o
 .debug_info    0x000000000000d0be     0x15a2 ./Drivers/STM32F4xx_HAL_Driver/Src/stm32f4xx_hal_tim_ex.o

.debug_abbrev   0x0000000000000000     0x1f27
 .debug_abbrev  0x0000000000000000      0x2e6 ./Core/Src/GFX_FUNCTIONS.o
 .debug_abbrev  0x00000000000002e6      0x23f ./Core/Src/ST7735.o
 .debug_abbrev  0x0000000000000525       0xad ./Core/Src/fonts.o
 .debug_abbrev  0x00000000000005d2      0x25c ./Core/Src/main.o
 .debug_abbrev  0x000000000000082e      0x1ac ./Core/Src/stm32f4xx_hal_msp.o
 .debug_abbrev  0x00000000000009da      0x1bf ./Core/Src/stm32f4xx_hal_timebase_tim.o
 .debug_abbrev  0x0000000000000b99      0x176 ./Core/Src/stm32f4xx_it.o
 .debug_abbrev  0x0000000000000d0f      0x145 ./Core/Src/system_stm32f4xx.o
 .debug_abbrev  0x0000000000000e54       0x12 ./Core/Startup/startup_stm32f407vgtx.o
 .debug_abbrev  0x0000000000000e66      0x1ed ./Drivers/STM32F4xx_HAL_Driver/Src/stm32f4xx_hal.o
 .debug_abbrev  0x0000000000001053      0x33c ./Drivers/STM32F4xx_HAL_Driver/Src/stm32f4xx_hal_cortex.o
 .debug_abbrev  0x000000000000138f      0x1f1 ./Drivers/STM32F4xx_HAL_Driver/Src/stm32f4xx_hal_gpio.o
 .debug_abbrev  0x0000000000001580      0x275 ./Drivers/STM32F4xx_HAL_Driver/Src/stm32f4xx_hal_rcc.o
 .debug_abbrev  0x00000000000017f5      0x26e ./Drivers/STM32F4xx_HAL_Driver/Src/stm32f4xx_hal_spi.o
 .debug_abbrev  0x0000000000001a63      0x25e ./Drivers/STM32F4xx_HAL_Driver/Src/stm32f4xx_hal_tim.o
 .debug_abbrev  0x0000000000001cc1      0x266 ./Drivers/STM32F4xx_HAL_Driver/Src/stm32f4xx_hal_tim_ex.o

.debug_aranges  0x0000000000000000      0xcf8
 .debug_aranges
                0x0000000000000000      0x100 ./Core/Src/GFX_FUNCTIONS.o
 .debug_aranges
                0x0000000000000100       0x90 ./Core/Src/ST7735.o
 .debug_aranges
                0x0000000000000190       0x18 ./Core/Src/fonts.o
 .debug_aranges
                0x00000000000001a8       0x48 ./Core/Src/main.o
 .debug_aranges
                0x00000000000001f0       0x30 ./Core/Src/stm32f4xx_hal_msp.o
 .debug_aranges
                0x0000000000000220       0x30 ./Core/Src/stm32f4xx_hal_timebase_tim.o
 .debug_aranges
                0x0000000000000250       0x68 ./Core/Src/stm32f4xx_it.o
 .debug_aranges
                0x00000000000002b8       0x28 ./Core/Src/system_stm32f4xx.o
 .debug_aranges
                0x00000000000002e0       0x28 ./Core/Startup/startup_stm32f407vgtx.o
 .debug_aranges
                0x0000000000000308       0xf0 ./Drivers/STM32F4xx_HAL_Driver/Src/stm32f4xx_hal.o
 .debug_aranges
                0x00000000000003f8      0x118 ./Drivers/STM32F4xx_HAL_Driver/Src/stm32f4xx_hal_cortex.o
 .debug_aranges
                0x0000000000000510       0x58 ./Drivers/STM32F4xx_HAL_Driver/Src/stm32f4xx_hal_gpio.o
 .debug_aranges
                0x0000000000000568       0x88 ./Drivers/STM32F4xx_HAL_Driver/Src/stm32f4xx_hal_rcc.o
 .debug_aranges
                0x00000000000005f0      0x1d0 ./Drivers/STM32F4xx_HAL_Driver/Src/stm32f4xx_hal_spi.o
 .debug_aranges
                0x00000000000007c0      0x3d0 ./Drivers/STM32F4xx_HAL_Driver/Src/stm32f4xx_hal_tim.o
 .debug_aranges
                0x0000000000000b90      0x168 ./Drivers/STM32F4xx_HAL_Driver/Src/stm32f4xx_hal_tim_ex.o

.debug_ranges   0x0000000000000000      0xbf8
 .debug_ranges  0x0000000000000000       0xf0 ./Core/Src/GFX_FUNCTIONS.o
 .debug_ranges  0x00000000000000f0       0x80 ./Core/Src/ST7735.o
 .debug_ranges  0x0000000000000170       0x38 ./Core/Src/main.o
 .debug_ranges  0x00000000000001a8       0x20 ./Core/Src/stm32f4xx_hal_msp.o
 .debug_ranges  0x00000000000001c8       0x20 ./Core/Src/stm32f4xx_hal_timebase_tim.o
 .debug_ranges  0x00000000000001e8       0x58 ./Core/Src/stm32f4xx_it.o
 .debug_ranges  0x0000000000000240       0x18 ./Core/Src/system_stm32f4xx.o
 .debug_ranges  0x0000000000000258       0x20 ./Core/Startup/startup_stm32f407vgtx.o
 .debug_ranges  0x0000000000000278       0xe0 ./Drivers/STM32F4xx_HAL_Driver/Src/stm32f4xx_hal.o
 .debug_ranges  0x0000000000000358      0x108 ./Drivers/STM32F4xx_HAL_Driver/Src/stm32f4xx_hal_cortex.o
 .debug_ranges  0x0000000000000460       0x48 ./Drivers/STM32F4xx_HAL_Driver/Src/stm32f4xx_hal_gpio.o
 .debug_ranges  0x00000000000004a8       0x78 ./Drivers/STM32F4xx_HAL_Driver/Src/stm32f4xx_hal_rcc.o
 .debug_ranges  0x0000000000000520      0x1c0 ./Drivers/STM32F4xx_HAL_Driver/Src/stm32f4xx_hal_spi.o
 .debug_ranges  0x00000000000006e0      0x3c0 ./Drivers/STM32F4xx_HAL_Driver/Src/stm32f4xx_hal_tim.o
 .debug_ranges  0x0000000000000aa0      0x158 ./Drivers/STM32F4xx_HAL_Driver/Src/stm32f4xx_hal_tim_ex.o

.debug_macro    0x0000000000000000    0x20f21
 .debug_macro   0x0000000000000000      0x2c8 ./Core/Src/GFX_FUNCTIONS.o
 .debug_macro   0x00000000000002c8      0xaa8 ./Core/Src/GFX_FUNCTIONS.o
 .debug_macro   0x0000000000000d70       0x22 ./Core/Src/GFX_FUNCTIONS.o
 .debug_macro   0x0000000000000d92       0x8e ./Core/Src/GFX_FUNCTIONS.o
 .debug_macro   0x0000000000000e20       0x51 ./Core/Src/GFX_FUNCTIONS.o
 .debug_macro   0x0000000000000e71      0x103 ./Core/Src/GFX_FUNCTIONS.o
 .debug_macro   0x0000000000000f74       0x6a ./Core/Src/GFX_FUNCTIONS.o
 .debug_macro   0x0000000000000fde      0x1df ./Core/Src/GFX_FUNCTIONS.o
 .debug_macro   0x00000000000011bd      0x29b ./Core/Src/GFX_FUNCTIONS.o
 .debug_macro   0x0000000000001458       0x2e ./Core/Src/GFX_FUNCTIONS.o
 .debug_macro   0x0000000000001486       0x2f ./Core/Src/GFX_FUNCTIONS.o
 .debug_macro   0x00000000000014b5       0x1c ./Core/Src/GFX_FUNCTIONS.o
 .debug_macro   0x00000000000014d1       0x22 ./Core/Src/GFX_FUNCTIONS.o
 .debug_macro   0x00000000000014f3       0xdf ./Core/Src/GFX_FUNCTIONS.o
 .debug_macro   0x00000000000015d2     0x102d ./Core/Src/GFX_FUNCTIONS.o
 .debug_macro   0x00000000000025ff      0x11f ./Core/Src/GFX_FUNCTIONS.o
 .debug_macro   0x000000000000271e    0x15e58 ./Core/Src/GFX_FUNCTIONS.o
 .debug_macro   0x0000000000018576       0x6d ./Core/Src/GFX_FUNCTIONS.o
 .debug_macro   0x00000000000185e3     0x3666 ./Core/Src/GFX_FUNCTIONS.o
 .debug_macro   0x000000000001bc49      0x174 ./Core/Src/GFX_FUNCTIONS.o
 .debug_macro   0x000000000001bdbd       0x5c ./Core/Src/GFX_FUNCTIONS.o
 .debug_macro   0x000000000001be19      0x96b ./Core/Src/GFX_FUNCTIONS.o
 .debug_macro   0x000000000001c784      0x9fe ./Core/Src/GFX_FUNCTIONS.o
 .debug_macro   0x000000000001d182      0x116 ./Core/Src/GFX_FUNCTIONS.o
 .debug_macro   0x000000000001d298      0x13e ./Core/Src/GFX_FUNCTIONS.o
 .debug_macro   0x000000000001d3d6       0xa5 ./Core/Src/GFX_FUNCTIONS.o
 .debug_macro   0x000000000001d47b      0x174 ./Core/Src/GFX_FUNCTIONS.o
 .debug_macro   0x000000000001d5ef      0x287 ./Core/Src/GFX_FUNCTIONS.o
 .debug_macro   0x000000000001d876       0x5f ./Core/Src/GFX_FUNCTIONS.o
 .debug_macro   0x000000000001d8d5      0x236 ./Core/Src/GFX_FUNCTIONS.o
 .debug_macro   0x000000000001db0b      0x12c ./Core/Src/GFX_FUNCTIONS.o
 .debug_macro   0x000000000001dc37      0x21e ./Core/Src/GFX_FUNCTIONS.o
 .debug_macro   0x000000000001de55       0x2e ./Core/Src/GFX_FUNCTIONS.o
 .debug_macro   0x000000000001de83      0x11a ./Core/Src/GFX_FUNCTIONS.o
 .debug_macro   0x000000000001df9d       0x7e ./Core/Src/GFX_FUNCTIONS.o
 .debug_macro   0x000000000001e01b       0x89 ./Core/Src/GFX_FUNCTIONS.o
 .debug_macro   0x000000000001e0a4      0x225 ./Core/Src/GFX_FUNCTIONS.o
 .debug_macro   0x000000000001e2c9      0x8d1 ./Core/Src/GFX_FUNCTIONS.o
 .debug_macro   0x000000000001eb9a       0x47 ./Core/Src/GFX_FUNCTIONS.o
 .debug_macro   0x000000000001ebe1      0x12d ./Core/Src/GFX_FUNCTIONS.o
 .debug_macro   0x000000000001ed0e       0x22 ./Core/Src/GFX_FUNCTIONS.o
 .debug_macro   0x000000000001ed30      0x184 ./Core/Src/GFX_FUNCTIONS.o
 .debug_macro   0x000000000001eeb4       0x18 ./Core/Src/GFX_FUNCTIONS.o
 .debug_macro   0x000000000001eecc       0x52 ./Core/Src/GFX_FUNCTIONS.o
 .debug_macro   0x000000000001ef1e       0x3c ./Core/Src/GFX_FUNCTIONS.o
 .debug_macro   0x000000000001ef5a       0x34 ./Core/Src/GFX_FUNCTIONS.o
 .debug_macro   0x000000000001ef8e       0x16 ./Core/Src/GFX_FUNCTIONS.o
 .debug_macro   0x000000000001efa4       0x35 ./Core/Src/GFX_FUNCTIONS.o
 .debug_macro   0x000000000001efd9       0x16 ./Core/Src/GFX_FUNCTIONS.o
 .debug_macro   0x000000000001efef       0x43 ./Core/Src/GFX_FUNCTIONS.o
 .debug_macro   0x000000000001f032       0x34 ./Core/Src/GFX_FUNCTIONS.o
 .debug_macro   0x000000000001f066       0x10 ./Core/Src/GFX_FUNCTIONS.o
 .debug_macro   0x000000000001f076       0x58 ./Core/Src/GFX_FUNCTIONS.o
 .debug_macro   0x000000000001f0ce       0x71 ./Core/Src/GFX_FUNCTIONS.o
 .debug_macro   0x000000000001f13f       0x1c ./Core/Src/GFX_FUNCTIONS.o
 .debug_macro   0x000000000001f15b      0x12a ./Core/Src/GFX_FUNCTIONS.o
 .debug_macro   0x000000000001f285      0x333 ./Core/Src/GFX_FUNCTIONS.o
 .debug_macro   0x000000000001f5b8       0x16 ./Core/Src/GFX_FUNCTIONS.o
 .debug_macro   0x000000000001f5ce       0x29 ./Core/Src/GFX_FUNCTIONS.o
 .debug_macro   0x000000000001f5f7      0x1f0 ./Core/Src/ST7735.o
 .debug_macro   0x000000000001f7e7       0x6d ./Core/Src/fonts.o
 .debug_macro   0x000000000001f854      0x209 ./Core/Src/main.o
 .debug_macro   0x000000000001fa5d       0x28 ./Core/Src/main.o
 .debug_macro   0x000000000001fa85      0x1dd ./Core/Src/stm32f4xx_hal_msp.o
 .debug_macro   0x000000000001fc62      0x1ce ./Core/Src/stm32f4xx_hal_timebase_tim.o
 .debug_macro   0x000000000001fe30      0x1e7 ./Core/Src/stm32f4xx_it.o
 .debug_macro   0x0000000000020017      0x1ce ./Core/Src/system_stm32f4xx.o
 .debug_macro   0x00000000000201e5      0x22e ./Drivers/STM32F4xx_HAL_Driver/Src/stm32f4xx_hal.o
 .debug_macro   0x0000000000020413      0x1ce ./Drivers/STM32F4xx_HAL_Driver/Src/stm32f4xx_hal_cortex.o
 .debug_macro   0x00000000000205e1      0x1d4 ./Drivers/STM32F4xx_HAL_Driver/Src/stm32f4xx_hal_gpio.o
 .debug_macro   0x00000000000207b5      0x1f2 ./Drivers/STM32F4xx_HAL_Driver/Src/stm32f4xx_hal_rcc.o
 .debug_macro   0x00000000000209a7      0x1dd ./Drivers/STM32F4xx_HAL_Driver/Src/stm32f4xx_hal_spi.o
 .debug_macro   0x0000000000020b84      0x1cf ./Drivers/STM32F4xx_HAL_Driver/Src/stm32f4xx_hal_tim.o
 .debug_macro   0x0000000000020d53      0x1ce ./Drivers/STM32F4xx_HAL_Driver/Src/stm32f4xx_hal_tim_ex.o

.debug_line     0x0000000000000000     0xe3e8
 .debug_line    0x0000000000000000     0x14ab ./Core/Src/GFX_FUNCTIONS.o
 .debug_line    0x00000000000014ab      0xacb ./Core/Src/ST7735.o
 .debug_line    0x0000000000001f76      0x38a ./Core/Src/fonts.o
 .debug_line    0x0000000000002300      0x870 ./Core/Src/main.o
 .debug_line    0x0000000000002b70      0x714 ./Core/Src/stm32f4xx_hal_msp.o
 .debug_line    0x0000000000003284      0x725 ./Core/Src/stm32f4xx_hal_timebase_tim.o
 .debug_line    0x00000000000039a9      0x79b ./Core/Src/stm32f4xx_it.o
 .debug_line    0x0000000000004144      0x747 ./Core/Src/system_stm32f4xx.o
 .debug_line    0x000000000000488b       0x88 ./Core/Startup/startup_stm32f407vgtx.o
 .debug_line    0x0000000000004913      0x9ad ./Drivers/STM32F4xx_HAL_Driver/Src/stm32f4xx_hal.o
 .debug_line    0x00000000000052c0      0xc5c ./Drivers/STM32F4xx_HAL_Driver/Src/stm32f4xx_hal_cortex.o
 .debug_line    0x0000000000005f1c      0xb23 ./Drivers/STM32F4xx_HAL_Driver/Src/stm32f4xx_hal_gpio.o
 .debug_line    0x0000000000006a3f      0xd29 ./Drivers/STM32F4xx_HAL_Driver/Src/stm32f4xx_hal_rcc.o
 .debug_line    0x0000000000007768     0x1c35 ./Drivers/STM32F4xx_HAL_Driver/Src/stm32f4xx_hal_spi.o
 .debug_line    0x000000000000939d     0x36a1 ./Drivers/STM32F4xx_HAL_Driver/Src/stm32f4xx_hal_tim.o
 .debug_line    0x000000000000ca3e     0x19aa ./Drivers/STM32F4xx_HAL_Driver/Src/stm32f4xx_hal_tim_ex.o

.debug_str      0x0000000000000000    0xc9d7e
 .debug_str     0x0000000000000000    0xc6892 ./Core/Src/GFX_FUNCTIONS.o
                                      0xc6c38 (size before relaxing)
 .debug_str     0x00000000000c6892      0x1c9 ./Core/Src/ST7735.o
                                      0xc3924 (size before relaxing)
 .debug_str     0x00000000000c6a5b       0x31 ./Core/Src/fonts.o
                                       0x3d45 (size before relaxing)
 .debug_str     0x00000000000c6a8c      0x5f1 ./Core/Src/main.o
                                      0xc3d9d (size before relaxing)
 .debug_str     0x00000000000c707d       0x53 ./Core/Src/stm32f4xx_hal_msp.o
                                      0xc33c2 (size before relaxing)
 .debug_str     0x00000000000c70d0      0x57b ./Core/Src/stm32f4xx_hal_timebase_tim.o
                                      0xc3981 (size before relaxing)
 .debug_str     0x00000000000c764b       0xd6 ./Core/Src/stm32f4xx_it.o
                                      0xc33c5 (size before relaxing)
 .debug_str     0x00000000000c7721       0xaf ./Core/Src/system_stm32f4xx.o
                                      0xc2ef4 (size before relaxing)
 .debug_str     0x00000000000c77d0       0x36 ./Core/Startup/startup_stm32f407vgtx.o
                                         0x5f (size before relaxing)
 .debug_str     0x00000000000c7806      0x538 ./Drivers/STM32F4xx_HAL_Driver/Src/stm32f4xx_hal.o
                                      0xc39d6 (size before relaxing)
 .debug_str     0x00000000000c7d3e      0x399 ./Drivers/STM32F4xx_HAL_Driver/Src/stm32f4xx_hal_cortex.o
                                      0xc37c5 (size before relaxing)
 .debug_str     0x00000000000c80d7      0x15f ./Drivers/STM32F4xx_HAL_Driver/Src/stm32f4xx_hal_gpio.o
                                      0xc309b (size before relaxing)
 .debug_str     0x00000000000c8236      0x24f ./Drivers/STM32F4xx_HAL_Driver/Src/stm32f4xx_hal_rcc.o
                                      0xc32f6 (size before relaxing)
 .debug_str     0x00000000000c8485      0x57a ./Drivers/STM32F4xx_HAL_Driver/Src/stm32f4xx_hal_spi.o
                                      0xc3798 (size before relaxing)
 .debug_str     0x00000000000c89ff      0xe47 ./Drivers/STM32F4xx_HAL_Driver/Src/stm32f4xx_hal_tim.o
                                      0xc4223 (size before relaxing)
 .debug_str     0x00000000000c9846      0x538 ./Drivers/STM32F4xx_HAL_Driver/Src/stm32f4xx_hal_tim_ex.o
                                      0xc39d4 (size before relaxing)

.comment        0x0000000000000000       0x53
 .comment       0x0000000000000000       0x53 ./Core/Src/GFX_FUNCTIONS.o
                                         0x54 (size before relaxing)
 .comment       0x0000000000000053       0x54 ./Core/Src/ST7735.o
 .comment       0x0000000000000053       0x54 ./Core/Src/fonts.o
 .comment       0x0000000000000053       0x54 ./Core/Src/main.o
 .comment       0x0000000000000053       0x54 ./Core/Src/stm32f4xx_hal_msp.o
 .comment       0x0000000000000053       0x54 ./Core/Src/stm32f4xx_hal_timebase_tim.o
 .comment       0x0000000000000053       0x54 ./Core/Src/stm32f4xx_it.o
 .comment       0x0000000000000053       0x54 ./Core/Src/system_stm32f4xx.o
 .comment       0x0000000000000053       0x54 ./Drivers/STM32F4xx_HAL_Driver/Src/stm32f4xx_hal.o
 .comment       0x0000000000000053       0x54 ./Drivers/STM32F4xx_HAL_Driver/Src/stm32f4xx_hal_cortex.o
 .comment       0x0000000000000053       0x54 ./Drivers/STM32F4xx_HAL_Driver/Src/stm32f4xx_hal_gpio.o
 .comment       0x0000000000000053       0x54 ./Drivers/STM32F4xx_HAL_Driver/Src/stm32f4xx_hal_rcc.o
 .comment       0x0000000000000053       0x54 ./Drivers/STM32F4xx_HAL_Driver/Src/stm32f4xx_hal_spi.o
 .comment       0x0000000000000053       0x54 ./Drivers/STM32F4xx_HAL_Driver/Src/stm32f4xx_hal_tim.o
 .comment       0x0000000000000053       0x54 ./Drivers/STM32F4xx_HAL_Driver/Src/stm32f4xx_hal_tim_ex.o

.debug_frame    0x0000000000000000     0x3604
 .debug_frame   0x0000000000000000      0x478 ./Core/Src/GFX_FUNCTIONS.o
 .debug_frame   0x0000000000000478      0x23c ./Core/Src/ST7735.o
 .debug_frame   0x00000000000006b4       0xd0 ./Core/Src/main.o
 .debug_frame   0x0000000000000784       0x7c ./Core/Src/stm32f4xx_hal_msp.o
 .debug_frame   0x0000000000000800       0x74 ./Core/Src/stm32f4xx_hal_timebase_tim.o
 .debug_frame   0x0000000000000874      0x124 ./Core/Src/stm32f4xx_it.o
 .debug_frame   0x0000000000000998       0x58 ./Core/Src/system_stm32f4xx.o
 .debug_frame   0x00000000000009f0      0x374 ./Drivers/STM32F4xx_HAL_Driver/Src/stm32f4xx_hal.o
 .debug_frame   0x0000000000000d64      0x498 ./Drivers/STM32F4xx_HAL_Driver/Src/stm32f4xx_hal_cortex.o
 .debug_frame   0x00000000000011fc      0x14c ./Drivers/STM32F4xx_HAL_Driver/Src/stm32f4xx_hal_gpio.o
 .debug_frame   0x0000000000001348      0x1f0 ./Drivers/STM32F4xx_HAL_Driver/Src/stm32f4xx_hal_rcc.o
 .debug_frame   0x0000000000001538      0x824 ./Drivers/STM32F4xx_HAL_Driver/Src/stm32f4xx_hal_spi.o
 .debug_frame   0x0000000000001d5c     0x11c4 ./Drivers/STM32F4xx_HAL_Driver/Src/stm32f4xx_hal_tim.o
 .debug_frame   0x0000000000002f20      0x638 ./Drivers/STM32F4xx_HAL_Driver/Src/stm32f4xx_hal_tim_ex.o
 .debug_frame   0x0000000000003558       0x2c c:/st/stm32cubeide_1.7.0/stm32cubeide/plugins/com.st.stm32cube.ide.mcu.externaltools.gnu-tools-for-stm32.9-2020-q2-update.win32_2.0.0.202105311346/tools/bin/../lib/gcc/arm-none-eabi/9.3.1/../../../../arm-none-eabi/lib/thumb/v7e-m+fp/hard\libc_nano.a(lib_a-init.o)
 .debug_frame   0x0000000000003584       0x20 c:/st/stm32cubeide_1.7.0/stm32cubeide/plugins/com.st.stm32cube.ide.mcu.externaltools.gnu-tools-for-stm32.9-2020-q2-update.win32_2.0.0.202105311346/tools/bin/../lib/gcc/arm-none-eabi/9.3.1/../../../../arm-none-eabi/lib/thumb/v7e-m+fp/hard\libc_nano.a(lib_a-memset.o)
 .debug_frame   0x00000000000035a4       0x2c c:/st/stm32cubeide_1.7.0/stm32cubeide/plugins/com.st.stm32cube.ide.mcu.externaltools.gnu-tools-for-stm32.9-2020-q2-update.win32_2.0.0.202105311346/tools/bin/../lib/gcc/arm-none-eabi/9.3.1/thumb/v7e-m+fp/hard\libgcc.a(_aeabi_uldivmod.o)
 .debug_frame   0x00000000000035d0       0x34 c:/st/stm32cubeide_1.7.0/stm32cubeide/plugins/com.st.stm32cube.ide.mcu.externaltools.gnu-tools-for-stm32.9-2020-q2-update.win32_2.0.0.202105311346/tools/bin/../lib/gcc/arm-none-eabi/9.3.1/thumb/v7e-m+fp/hard\libgcc.a(_udivmoddi4.o)
